// Jest Snapshot v1, https://goo.gl/fbAQLP

exports[`Storyshots Layout/New Task Form New Task Form 1`] = `
Array [
  " ",
  <div
    style={
      Object {
        "--background": "2, 40, 60",
        "--highlight": "255,  202,  16",
        "--opacity-1": 0.1,
        "--opacity-7": 0.7,
        "--primary": "206, 180, 249",
        "--secondary": "189, 231, 255",
        "--tertiary": "176, 239, 165",
        "--text": "245, 245, 245",
        "0.1": "--opacity-1",
        "0.7": "--opacity-7",
      }
    }
  >
     
    <span
      className="app_container"
    >
      <div
        className="container"
      >
        <h4
          className="username"
        >
          Guest
        </h4>
        <h4
          className="date"
        >
          Tuesday,  4/12/2022
          <div
            style={
              Object {
                "display": "none",
              }
            }
          >
            Clock
          </div>
        </h4>
      </div>
      <div
        className="super_container"
      >
        <div
          className="container"
        >
          <h1
            className="heading"
          >
            New Task
          </h1>
          <form
            className="form"
            onSubmit={[Function]}
          >
            <span
              style={
                Object {
                  "color": "white",
                  "gridColumn": "1 / -1",
                  "textAlign": "center",
                }
              }
            >
              ʕ•́ᴥ•̀ʔっayo!
            </span>
            <button
              className="input_submit"
              type="submit"
            >
              Send
            </button>
          </form>
        </div>
        <div
          className="return_container"
        >
          <a
            aria-current="page"
            className="return active"
            href="/"
            onClick={[Function]}
          >
            Return
          </a>
        </div>
      </div>
    </span>
     
  </div>,
  " ",
]
`;
