// Jest Snapshot v1, https://goo.gl/fbAQLP

exports[`Storyshots Views/New Task New Task 1`] = `
Array [
  " ",
  <div
    style={
      Object {
        "--background": "2, 40, 60",
        "--highlight": "255,  202,  16",
        "--opacity-1": 0.1,
        "--opacity-7": 0.7,
        "--primary": "206, 180, 249",
        "--secondary": "189, 231, 255",
        "--tertiary": "176, 239, 165",
        "--text": "245, 245, 245",
        "0.1": "--opacity-1",
        "0.7": "--opacity-7",
      }
    }
  >
     
    <div
      className="container"
    >
      <h4
        className="username"
      >
        Guest
      </h4>
      <h4
        className="date"
      >
        Tuesday,  4/12/2022
        <div
          style={
            Object {
              "display": "none",
            }
          }
        >
          Clock
        </div>
      </h4>
    </div>
    <div
      className="super_container"
    >
      <div
        className="container"
      >
        <h1
          className="heading"
        >
          New Task
        </h1>
        <form
          className="form"
          onSubmit={[Function]}
        >
          <div
            style={
              Object {
                "backgroundColor": "rebeccapurple",
                "color": "tomato",
                "gridColumn": "1 / -1",
                "padding": "0 1rem",
              }
            }
          >
            <p>
              
            </p>
            <p>
              
            </p>
            <p>
              
            </p>
            <p>
              
            </p>
            <p>
              
            </p>
          </div>
          <textarea
            className="input_task"
            id="title"
            maxLength={70}
            name="title"
            onChange={[Function]}
            placeholder="Title"
            value=""
          />
          <div
            className="group_date_day"
          >
            <select
              className="input_select"
              defaultValue="2022-04-13"
              id="day"
              name="day"
              onChange={[Function]}
            >
              <option
                value="4/12/2022"
              >
                Today
              </option>
              <option
                value="4/13/2022"
              >
                Tomorrow
              </option>
              <option
                value="4/14/2022"
              >
                Thursday
              </option>
              <option
                value="4/15/2022"
              >
                Friday
              </option>
              <option
                value="4/16/2022"
              >
                Saturday
              </option>
              <option
                value="4/17/2022"
              >
                Sunday
              </option>
              <option
                value="4/18/2022"
              >
                Monday
              </option>
            </select>
            <label
              htmlFor="day"
            >
              Day
            </label>
          </div>
          <div
            className="group_date_hour"
          >
            <input
              className="input_date_hour"
              defaultValue="23:56"
              id="hour"
              min="23:51"
              name="hour"
              onChange={[Function]}
              type="time"
            />
            <label
              htmlFor="hour"
            >
              Hour
            </label>
          </div>
          <div
            className="group_recurrent"
          >
            <span
              className="input_recurrent"
              onClick={[Function]}
            >
              <svg
                viewBox="0 0 512 512"
                xmlns="http://www.w3.org/2000/svg"
              >
                <path
                  d="M173.898 439.404l-166.4-166.4c-9.997-9.997-9.997-26.206 0-36.204l36.203-36.204c9.997-9.998 26.207-9.998 36.204 0L192 312.69 432.095 72.596c9.997-9.997 26.207-9.997 36.204 0l36.203 36.204c9.997 9.997 9.997 26.206 0 36.204l-294.4 294.401c-9.998 9.997-26.207 9.997-36.204-.001z"
                />
              </svg>
              <input
                checked={true}
                className="checkbox"
                id="recurrent"
                name="recurrent"
                readOnly={true}
                type="checkbox"
              />
            </span>
            <label
              htmlFor="recurrent"
            >
              Recurrent
            </label>
          </div>
          <div
            className="group_priority"
          >
            <select
              className="input_select"
              defaultValue="medium"
              id="priority"
              name="priority"
              onChange={[Function]}
            >
              <option
                value="low"
              >
                Low
              </option>
              <option
                value="medium"
              >
                Medium
              </option>
              <option
                value="high"
              >
                High
              </option>
            </select>
            <label
              htmlFor="priority"
            >
              Priority
            </label>
          </div>
          <button
            className="input_submit"
            type="submit"
          >
            Create Task
          </button>
        </form>
      </div>
      <div
        className="return_container"
      >
        <a
          aria-current="page"
          className="return active"
          href="/"
          onClick={[Function]}
        >
          Return
        </a>
      </div>
    </div>
     
  </div>,
  " ",
]
`;
